Archive member included because of file (symbol)

/home/susers/s218166/swjot/gcc-arm-none-eabi-4_9-2015q3/bin/../lib/gcc/arm-none-eabi/4.9.3/../../../../arm-none-eabi/lib/armv7e-m/fpu/libc_nano.a(lib_a-exit.o)
                              /home/susers/s218166/swjot/gcc-arm-none-eabi-4_9-2015q3/bin/../lib/gcc/arm-none-eabi/4.9.3/../../../../arm-none-eabi/lib/armv7e-m/fpu/crt0.o (exit)
/home/susers/s218166/swjot/gcc-arm-none-eabi-4_9-2015q3/bin/../lib/gcc/arm-none-eabi/4.9.3/../../../../arm-none-eabi/lib/armv7e-m/fpu/libc_nano.a(lib_a-impure.o)
                              /home/susers/s218166/swjot/gcc-arm-none-eabi-4_9-2015q3/bin/../lib/gcc/arm-none-eabi/4.9.3/../../../../arm-none-eabi/lib/armv7e-m/fpu/libc_nano.a(lib_a-exit.o) (_global_impure_ptr)
/home/susers/s218166/swjot/gcc-arm-none-eabi-4_9-2015q3/bin/../lib/gcc/arm-none-eabi/4.9.3/../../../../arm-none-eabi/lib/armv7e-m/fpu/libc_nano.a(lib_a-init.o)
                              /home/susers/s218166/swjot/gcc-arm-none-eabi-4_9-2015q3/bin/../lib/gcc/arm-none-eabi/4.9.3/../../../../arm-none-eabi/lib/armv7e-m/fpu/crt0.o (__libc_init_array)
/home/susers/s218166/swjot/gcc-arm-none-eabi-4_9-2015q3/bin/../lib/gcc/arm-none-eabi/4.9.3/../../../../arm-none-eabi/lib/armv7e-m/fpu/libc_nano.a(lib_a-memcpy.o)
                              _build/nrf52832_xxaa/nrf_memobj.c.o (memcpy)
/home/susers/s218166/swjot/gcc-arm-none-eabi-4_9-2015q3/bin/../lib/gcc/arm-none-eabi/4.9.3/../../../../arm-none-eabi/lib/armv7e-m/fpu/libc_nano.a(lib_a-memset.o)
                              /home/susers/s218166/swjot/gcc-arm-none-eabi-4_9-2015q3/bin/../lib/gcc/arm-none-eabi/4.9.3/../../../../arm-none-eabi/lib/armv7e-m/fpu/crt0.o (memset)
/home/susers/s218166/swjot/gcc-arm-none-eabi-4_9-2015q3/bin/../lib/gcc/arm-none-eabi/4.9.3/../../../../arm-none-eabi/lib/armv7e-m/fpu/libnosys.a(_exit.o)
                              /home/susers/s218166/swjot/gcc-arm-none-eabi-4_9-2015q3/bin/../lib/gcc/arm-none-eabi/4.9.3/../../../../arm-none-eabi/lib/armv7e-m/fpu/libc_nano.a(lib_a-exit.o) (_exit)

Discarded input sections

 .text          0x00000000        0x0 /home/susers/s218166/swjot/gcc-arm-none-eabi-4_9-2015q3/bin/../lib/gcc/arm-none-eabi/4.9.3/armv7e-m/fpu/crti.o
 .data          0x00000000        0x0 /home/susers/s218166/swjot/gcc-arm-none-eabi-4_9-2015q3/bin/../lib/gcc/arm-none-eabi/4.9.3/armv7e-m/fpu/crti.o
 .bss           0x00000000        0x0 /home/susers/s218166/swjot/gcc-arm-none-eabi-4_9-2015q3/bin/../lib/gcc/arm-none-eabi/4.9.3/armv7e-m/fpu/crti.o
 .data          0x00000000        0x4 /home/susers/s218166/swjot/gcc-arm-none-eabi-4_9-2015q3/bin/../lib/gcc/arm-none-eabi/4.9.3/armv7e-m/fpu/crtbegin.o
 .data          0x00000000        0x0 /home/susers/s218166/swjot/gcc-arm-none-eabi-4_9-2015q3/bin/../lib/gcc/arm-none-eabi/4.9.3/../../../../arm-none-eabi/lib/armv7e-m/fpu/crt0.o
 .bss           0x00000000        0x0 /home/susers/s218166/swjot/gcc-arm-none-eabi-4_9-2015q3/bin/../lib/gcc/arm-none-eabi/4.9.3/../../../../arm-none-eabi/lib/armv7e-m/fpu/crt0.o
 .ARM.extab     0x00000000        0x0 /home/susers/s218166/swjot/gcc-arm-none-eabi-4_9-2015q3/bin/../lib/gcc/arm-none-eabi/4.9.3/../../../../arm-none-eabi/lib/armv7e-m/fpu/crt0.o
 .group         0x00000000        0x8 _build/nrf52832_xxaa/nrf_log_frontend.c.o
 .group         0x00000000        0x8 _build/nrf52832_xxaa/nrf_log_frontend.c.o
 .group         0x00000000        0x8 _build/nrf52832_xxaa/nrf_log_frontend.c.o
 .group         0x00000000        0x8 _build/nrf52832_xxaa/nrf_log_frontend.c.o
 .group         0x00000000        0x8 _build/nrf52832_xxaa/nrf_log_frontend.c.o
 .group         0x00000000        0x8 _build/nrf52832_xxaa/nrf_log_frontend.c.o
 .group         0x00000000        0x8 _build/nrf52832_xxaa/nrf_log_frontend.c.o
 .group         0x00000000        0x8 _build/nrf52832_xxaa/nrf_log_frontend.c.o
 .group         0x00000000        0x8 _build/nrf52832_xxaa/nrf_log_frontend.c.o
 .group         0x00000000        0x8 _build/nrf52832_xxaa/nrf_log_frontend.c.o
 .group         0x00000000        0x8 _build/nrf52832_xxaa/nrf_log_frontend.c.o
 .group         0x00000000        0x8 _build/nrf52832_xxaa/nrf_log_frontend.c.o
 .group         0x00000000        0x8 _build/nrf52832_xxaa/nrf_log_frontend.c.o
 .group         0x00000000        0x8 _build/nrf52832_xxaa/nrf_log_frontend.c.o
 .group         0x00000000        0x8 _build/nrf52832_xxaa/nrf_log_frontend.c.o
 .group         0x00000000        0x8 _build/nrf52832_xxaa/nrf_log_frontend.c.o
 .group         0x00000000        0x8 _build/nrf52832_xxaa/nrf_log_frontend.c.o
 .group         0x00000000        0x8 _build/nrf52832_xxaa/nrf_log_frontend.c.o
 .group         0x00000000        0x8 _build/nrf52832_xxaa/nrf_log_frontend.c.o
 .group         0x00000000        0x8 _build/nrf52832_xxaa/nrf_log_frontend.c.o
 .group         0x00000000        0x8 _build/nrf52832_xxaa/nrf_log_frontend.c.o
 .group         0x00000000        0x8 _build/nrf52832_xxaa/nrf_log_frontend.c.o
[...]
Memory Configuration

Name             Origin             Length             Attributes
FLASH            0x00000000         0x00080000         xr
RAM              0x20000000         0x00010000         xrw
*default*        0x00000000         0xffffffff

Linker script and memory map


.text           0x00000000      0xb40
 *(.isr_vector)
 .isr_vector    0x00000000      0x200 _build/nrf52832_xxaa/gcc_startup_nrf52.S.o
                0x00000000                __isr_vector
 *(.text*)
 .text          0x00000200       0x5c /home/susers/s218166/swjot/gcc-arm-none-eabi-4_9-2015q3/bin/../lib/gcc/arm-none-eabi/4.9.3/armv7e-m/fpu/crtbegin.o
 .text          0x0000025c       0x74 /home/susers/s218166/swjot/gcc-arm-none-eabi-4_9-2015q3/bin/../lib/gcc/arm-none-eabi/4.9.3/../../../../arm-none-eabi/lib/armv7e-m/fpu/crt0.o
                0x0000025c                _mainCRTStartup
                0x0000025c                _start
 .text.bsp_board_led_invert
                0x000002d0       0x24 _build/nrf52832_xxaa/boards.c.o
                0x000002d0                bsp_board_led_invert
 .text.bsp_board_leds_init
                0x000002f4       0x3c _build/nrf52832_xxaa/boards.c.o
                0x000002f4                bsp_board_leds_init
 .text.UARTE0_UART0_IRQHandler
                0x00000330      0x2fc _build/nrf52832_xxaa/nrf_drv_uart.c.o
                0x00000330                UARTE0_UART0_IRQHandler
 .text.startup.main
                0x0000062c       0xa4 _build/nrf52832_xxaa/main.c.o
                0x0000062c                main
 .text          0x000006d0       0x3c _build/nrf52832_xxaa/gcc_startup_nrf52.S.o
                0x000006d0                Reset_Handler
                0x000006f8                NMI_Handler
                0x000006fa                HardFault_Handler
                0x000006fc                MemoryManagement_Handler
                0x000006fe                BusFault_Handler
                0x00000700                UsageFault_Handler
                0x00000702                SVC_Handler
                0x00000704                DebugMon_Handler
                0x00000706                PendSV_Handler
                0x00000708                SysTick_Handler
                0x0000070a                TIMER2_IRQHandler
                0x0000070a                RTC0_IRQHandler
                0x0000070a                SWI0_EGU0_IRQHandler
                0x0000070a                SWI2_EGU2_IRQHandler
                0x0000070a                GPIOTE_IRQHandler
                0x0000070a                PWM1_IRQHandler
                0x0000070a                POWER_CLOCK_IRQHandler
                0x0000070a                RADIO_IRQHandler
                0x0000070a                PDM_IRQHandler
                0x0000070a                TEMP_IRQHandler
                0x0000070a                QDEC_IRQHandler
                0x0000070a                TIMER3_IRQHandler
                0x0000070a                FPU_IRQHandler
                0x0000070a                SPIM0_SPIS0_TWIM0_TWIS0_SPI0_TWI0_IRQHandler
                0x0000070a                TIMER4_IRQHandler
                0x0000070a                I2S_IRQHandler
                0x0000070a                SWI4_EGU4_IRQHandler
                0x0000070a                TIMER0_IRQHandler
                0x0000070a                TIMER1_IRQHandler
                0x0000070a                PWM2_IRQHandler
                0x0000070a                ECB_IRQHandler
                0x0000070a                SPIM1_SPIS1_TWIM1_TWIS1_SPI1_TWI1_IRQHandler
                0x0000070a                Default_Handler
                0x0000070a                SAADC_IRQHandler
                0x0000070a                CCM_AAR_IRQHandler
                0x0000070a                WDT_IRQHandler
                0x0000070a                SWI5_EGU5_IRQHandler
                0x0000070a                RNG_IRQHandler
                0x0000070a                RTC2_IRQHandler
                0x0000070a                PWM0_IRQHandler
                0x0000070a                SWI3_EGU3_IRQHandler
                0x0000070a                RTC1_IRQHandler
                0x0000070a                SWI1_EGU1_IRQHandler
                0x0000070a                SPIM2_SPIS2_SPI2_IRQHandler
                0x0000070a                NFCT_IRQHandler
                0x0000070a                MWU_IRQHandler
                0x0000070a                COMP_LPCOMP_IRQHandler
 .text.SystemInit
                0x0000070c      0x384 _build/nrf52832_xxaa/system_nrf52.c.o
                0x0000070c                SystemInit
 .text.exit     0x00000a90       0x28 /home/susers/s218166/swjot/gcc-arm-none-eabi-4_9-2015q3/bin/../lib/gcc/arm-none-eabi/4.9.3/../../../../arm-none-eabi/lib/armv7e-m/fpu/libc_nano.a(lib_a-exit.o)
                0x00000a90                exit
 .text.__libc_init_array
                0x00000ab8       0x4c /home/susers/s218166/swjot/gcc-arm-none-eabi-4_9-2015q3/bin/../lib/gcc/arm-none-eabi/4.9.3/../../../../arm-none-eabi/lib/armv7e-m/fpu/libc_nano.a(lib_a-init.o)
                0x00000ab8                __libc_init_array
 .text.memset   0x00000b04       0x10 /home/susers/s218166/swjot/gcc-arm-none-eabi-4_9-2015q3/bin/../lib/gcc/arm-none-eabi/4.9.3/../../../../arm-none-eabi/lib/armv7e-m/fpu/libc_nano.a(lib_a-memset.o)
                0x00000b04                memset
 .text._exit    0x00000b14        0x4 /home/susers/s218166/swjot/gcc-arm-none-eabi-4_9-2015q3/bin/../lib/gcc/arm-none-eabi/4.9.3/../../../../arm-none-eabi/lib/armv7e-m/fpu/libnosys.a(_exit.o)
                0x00000b14                _exit
 *(.init)
 .init          0x00000b18        0x4 /home/susers/s218166/swjot/gcc-arm-none-eabi-4_9-2015q3/bin/../lib/gcc/arm-none-eabi/4.9.3/armv7e-m/fpu/crti.o
                0x00000b18                _init
 .init          0x00000b1c        0x8 /home/susers/s218166/swjot/gcc-arm-none-eabi-4_9-2015q3/bin/../lib/gcc/arm-none-eabi/4.9.3/armv7e-m/fpu/crtn.o
 *(.fini)
 .fini          0x00000b24        0x4 /home/susers/s218166/swjot/gcc-arm-none-eabi-4_9-2015q3/bin/../lib/gcc/arm-none-eabi/4.9.3/armv7e-m/fpu/crti.o
                0x00000b24                _fini
 .fini          0x00000b28        0x8 /home/susers/s218166/swjot/gcc-arm-none-eabi-4_9-2015q3/bin/../lib/gcc/arm-none-eabi/4.9.3/armv7e-m/fpu/crtn.o
 *crtbegin.o(.ctors)
 *crtbegin?.o(.ctors)
 *(EXCLUDE_FILE(*crtend.o *crtend?.o) .ctors)
 *(SORT(.ctors.*))
 *(.ctors)
 *crtbegin.o(.dtors)
 *crtbegin?.o(.dtors)
 *(EXCLUDE_FILE(*crtend.o *crtend?.o) .dtors)
 *(SORT(.dtors.*))
 *(.dtors)
 *(.rodata*)
 .rodata.m_board_led_list
                0x00000b30        0x4 _build/nrf52832_xxaa/boards.c.o
 .rodata.str1.1
                0x00000b34        0x2 /home/susers/s218166/swjot/gcc-arm-none-eabi-4_9-2015q3/bin/../lib/gcc/arm-none-eabi/4.9.3/../../../../arm-none-eabi/lib/armv7e-m/fpu/libc_nano.a(lib_a-impure.o)
 *fill*         0x00000b36        0x2 
 .rodata._global_impure_ptr
                0x00000b38        0x4 /home/susers/s218166/swjot/gcc-arm-none-eabi-4_9-2015q3/bin/../lib/gcc/arm-none-eabi/4.9.3/../../../../arm-none-eabi/lib/armv7e-m/fpu/libc_nano.a(lib_a-impure.o)
                0x00000b38                _global_impure_ptr
 *(.eh_frame*)
 .eh_frame      0x00000b3c        0x0 /home/susers/s218166/swjot/gcc-arm-none-eabi-4_9-2015q3/bin/../lib/gcc/arm-none-eabi/4.9.3/armv7e-m/fpu/crtbegin.o
 .eh_frame      0x00000b3c        0x4 /home/susers/s218166/swjot/gcc-arm-none-eabi-4_9-2015q3/bin/../lib/gcc/arm-none-eabi/4.9.3/armv7e-m/fpu/crtend.o

.glue_7         0x00000b40        0x0
 .glue_7        0x00000000        0x0 linker stubs

.glue_7t        0x00000b40        0x0
 .glue_7t       0x00000000        0x0 linker stubs

.vfp11_veneer   0x00000b40        0x0
 .vfp11_veneer  0x00000000        0x0 linker stubs

.v4_bx          0x00000b40        0x0
 .v4_bx         0x00000000        0x0 linker stubs

.iplt           0x00000b40        0x0
 .iplt          0x00000000        0x0 /home/susers/s218166/swjot/gcc-arm-none-eabi-4_9-2015q3/bin/../lib/gcc/arm-none-eabi/4.9.3/armv7e-m/fpu/crtbegin.o

.mem_section_dummy_rom

.log_const_data
                0x00000b40        0x0
                0x00000b40                PROVIDE (__start_log_const_data, .)
 *(SORT(.log_const_data*))
                0x00000b40                PROVIDE (__stop_log_const_data, .)

.ARM.extab
 *(.ARM.extab* .gnu.linkonce.armextab.*)
                0x00000b40                __exidx_start = .

.ARM.exidx      0x00000b40        0x8
 *(.ARM.exidx* .gnu.linkonce.armexidx.*)
 .ARM.exidx     0x00000b40        0x8 /home/susers/s218166/swjot/gcc-arm-none-eabi-4_9-2015q3/bin/../lib/gcc/arm-none-eabi/4.9.3/../../../../arm-none-eabi/lib/armv7e-m/fpu/crt0.o
                0x00000b48                __exidx_end = .
                0x00000b48                __etext = .

.rel.dyn        0x00000b48        0x0
 .rel.iplt      0x00000000        0x0 /home/susers/s218166/swjot/gcc-arm-none-eabi-4_9-2015q3/bin/../lib/gcc/arm-none-eabi/4.9.3/armv7e-m/fpu/crtbegin.o

.data           0x20000000       0x70 load address 0x00000b48
                0x20000000                __data_start__ = .
 *(vtable)
 *(.data*)
 .data.SystemCoreClock
                0x20000000        0x4 _build/nrf52832_xxaa/system_nrf52.c.o
                0x20000000                SystemCoreClock
 .data.impure_data
                0x20000004       0x60 /home/susers/s218166/swjot/gcc-arm-none-eabi-4_9-2015q3/bin/../lib/gcc/arm-none-eabi/4.9.3/../../../../arm-none-eabi/lib/armv7e-m/fpu/libc_nano.a(lib_a-impure.o)
                0x20000064                . = ALIGN (0x4)
                0x20000064                PROVIDE (__preinit_array_start, .)
 *(.preinit_array)
                0x20000064                PROVIDE (__preinit_array_end, .)
                0x20000064                . = ALIGN (0x4)
                0x20000064                PROVIDE (__init_array_start, .)
 *(SORT(.init_array.*))
 *(.init_array)
 .init_array    0x20000064        0x4 /home/susers/s218166/swjot/gcc-arm-none-eabi-4_9-2015q3/bin/../lib/gcc/arm-none-eabi/4.9.3/armv7e-m/fpu/crtbegin.o
                0x20000068                PROVIDE (__init_array_end, .)
                0x20000068                . = ALIGN (0x4)
                0x20000068                PROVIDE (__fini_array_start, .)
 *(SORT(.fini_array.*))
 *(.fini_array)
 .fini_array    0x20000068        0x4 /home/susers/s218166/swjot/gcc-arm-none-eabi-4_9-2015q3/bin/../lib/gcc/arm-none-eabi/4.9.3/armv7e-m/fpu/crtbegin.o
                0x2000006c                PROVIDE (__fini_array_end, .)
 *(.jcr*)
 .jcr           0x2000006c        0x0 /home/susers/s218166/swjot/gcc-arm-none-eabi-4_9-2015q3/bin/../lib/gcc/arm-none-eabi/4.9.3/armv7e-m/fpu/crtbegin.o
 .jcr           0x2000006c        0x4 /home/susers/s218166/swjot/gcc-arm-none-eabi-4_9-2015q3/bin/../lib/gcc/arm-none-eabi/4.9.3/armv7e-m/fpu/crtend.o
                0x20000070                . = ALIGN (0x4)
                0x20000070                __data_end__ = .
LOAD /home/susers/s218166/swjot/gcc-arm-none-eabi-4_9-2015q3/bin/../lib/gcc/arm-none-eabi/4.9.3/armv7e-m/fpu/crti.o
LOAD /home/susers/s218166/swjot/gcc-arm-none-eabi-4_9-2015q3/bin/../lib/gcc/arm-none-eabi/4.9.3/armv7e-m/fpu/crtbegin.o
LOAD /home/susers/s218166/swjot/gcc-arm-none-eabi-4_9-2015q3/bin/../lib/gcc/arm-none-eabi/4.9.3/../../../../arm-none-eabi/lib/armv7e-m/fpu/crt0.o
LOAD _build/nrf52832_xxaa/nrf_log_frontend.c.o
LOAD _build/nrf52832_xxaa/boards.c.o
LOAD _build/nrf52832_xxaa/app_error.c.o
LOAD _build/nrf52832_xxaa/app_error_weak.c.o
LOAD _build/nrf52832_xxaa/app_fifo.c.o
LOAD _build/nrf52832_xxaa/app_uart_fifo.c.o
LOAD _build/nrf52832_xxaa/app_util_platform.c.o
LOAD _build/nrf52832_xxaa/nrf_assert.c.o
LOAD _build/nrf52832_xxaa/nrf_balloc.c.o
LOAD _build/nrf52832_xxaa/nrf_memobj.c.o
LOAD _build/nrf52832_xxaa/nrf_strerror.c.o
LOAD _build/nrf52832_xxaa/retarget.c.o
LOAD _build/nrf52832_xxaa/nrf_drv_common.c.o
LOAD _build/nrf52832_xxaa/nrf_drv_uart.c.o
LOAD _build/nrf52832_xxaa/main.c.o
LOAD _build/nrf52832_xxaa/gcc_startup_nrf52.S.o
LOAD _build/nrf52832_xxaa/system_nrf52.c.o
LOAD /home/susers/s218166/swjot/gcc-arm-none-eabi-4_9-2015q3/bin/../lib/gcc/arm-none-eabi/4.9.3/../../../../arm-none-eabi/lib/armv7e-m/fpu/libc_nano.a
LOAD /home/susers/s218166/swjot/gcc-arm-none-eabi-4_9-2015q3/bin/../lib/gcc/arm-none-eabi/4.9.3/../../../../arm-none-eabi/lib/armv7e-m/fpu/libnosys.a
LOAD /home/susers/s218166/swjot/gcc-arm-none-eabi-4_9-2015q3/bin/../lib/gcc/arm-none-eabi/4.9.3/../../../../arm-none-eabi/lib/armv7e-m/fpu/libm.a
START GROUP
LOAD /home/susers/s218166/swjot/gcc-arm-none-eabi-4_9-2015q3/bin/../lib/gcc/arm-none-eabi/4.9.3/armv7e-m/fpu/libgcc.a
LOAD /home/susers/s218166/swjot/gcc-arm-none-eabi-4_9-2015q3/bin/../lib/gcc/arm-none-eabi/4.9.3/../../../../arm-none-eabi/lib/armv7e-m/fpu/libg_nano.a
LOAD /home/susers/s218166/swjot/gcc-arm-none-eabi-4_9-2015q3/bin/../lib/gcc/arm-none-eabi/4.9.3/../../../../arm-none-eabi/lib/armv7e-m/fpu/libc_nano.a
END GROUP
START GROUP
LOAD /home/susers/s218166/swjot/gcc-arm-none-eabi-4_9-2015q3/bin/../lib/gcc/arm-none-eabi/4.9.3/armv7e-m/fpu/libgcc.a
LOAD /home/susers/s218166/swjot/gcc-arm-none-eabi-4_9-2015q3/bin/../lib/gcc/arm-none-eabi/4.9.3/../../../../arm-none-eabi/lib/armv7e-m/fpu/libc_nano.a
END GROUP
LOAD /home/susers/s218166/swjot/gcc-arm-none-eabi-4_9-2015q3/bin/../lib/gcc/arm-none-eabi/4.9.3/armv7e-m/fpu/crtend.o
LOAD /home/susers/s218166/swjot/gcc-arm-none-eabi-4_9-2015q3/bin/../lib/gcc/arm-none-eabi/4.9.3/armv7e-m/fpu/crtn.o
START GROUP
LOAD /home/susers/s218166/swjot/gcc-arm-none-eabi-4_9-2015q3/bin/../lib/gcc/arm-none-eabi/4.9.3/armv7e-m/fpu/libgcc.a
LOAD /home/susers/s218166/swjot/gcc-arm-none-eabi-4_9-2015q3/bin/../lib/gcc/arm-none-eabi/4.9.3/../../../../arm-none-eabi/lib/armv7e-m/fpu/libc.a
LOAD /home/susers/s218166/swjot/gcc-arm-none-eabi-4_9-2015q3/bin/../lib/gcc/arm-none-eabi/4.9.3/../../../../arm-none-eabi/lib/armv7e-m/fpu/libnosys.a
END GROUP

.igot.plt       0x20000070        0x0 load address 0x00000bb8
 .igot.plt      0x00000000        0x0 /home/susers/s218166/swjot/gcc-arm-none-eabi-4_9-2015q3/bin/../lib/gcc/arm-none-eabi/4.9.3/armv7e-m/fpu/crtbegin.o
                0x20000070                . = ALIGN (0x4)

.mem_section_dummy_ram

.log_dynamic_data
                0x20000070        0x0
                0x20000070                PROVIDE (__start_log_dynamic_data, .)
 *(SORT(.log_dynamic_data*))
                0x20000070                PROVIDE (__stop_log_dynamic_data, .)

.bss            0x20000070       0x3c load address 0x00000bb8
                0x20000070                . = ALIGN (0x4)
                0x20000070                __bss_start__ = .
 *(.bss*)
 .bss           0x20000070       0x1c /home/susers/s218166/swjot/gcc-arm-none-eabi-4_9-2015q3/bin/../lib/gcc/arm-none-eabi/4.9.3/armv7e-m/fpu/crtbegin.o
 .bss.m_cb      0x2000008c       0x20 _build/nrf52832_xxaa/nrf_drv_uart.c.o
 *(COMMON)
                0x200000ac                . = ALIGN (0x4)
                0x200000ac                __bss_end__ = .

.heap           0x200000b0     0x2000
                0x200000b0                __HeapBase = .
                0x200000b0                __end__ = .
                0x200000b0                PROVIDE (end, .)
 *(.heap*)
 .heap          0x200000b0     0x2000 _build/nrf52832_xxaa/gcc_startup_nrf52.S.o
                0x200020b0                __HeapLimit = .

.stack_dummy    0x200000b0     0x2000
 *(.stack*)
 .stack         0x200000b0     0x2000 _build/nrf52832_xxaa/gcc_startup_nrf52.S.o
                0x20010000                __StackTop = (ORIGIN (RAM) + 0x10000)
                0x2000e000                __StackLimit = (__StackTop - SIZEOF (.stack_dummy))
                0x20010000                PROVIDE (__stack, __StackTop)
                0x00000001                ASSERT ((__StackLimit >= __HeapLimit), region RAM overflowed with stack)
                0x00000070                DataInitFlashUsed = (__bss_start__ - __data_start__)
                0x00000b48                CodeFlashUsed = (__etext - ORIGIN (FLASH))
                0x00000bb8                TotalFlashUsed = (CodeFlashUsed + DataInitFlashUsed)
                0x00000001                ASSERT ((TotalFlashUsed <= 0x80000), region FLASH overflowed with .data and user data)
OUTPUT(_build/nrf52832_xxaa.out elf32-littlearm)

.ARM.attributes
                0x00000000       0x30
 .ARM.attributes
                0x00000000       0x22 /home/susers/s218166/swjot/gcc-arm-none-eabi-4_9-2015q3/bin/../lib/gcc/arm-none-eabi/4.9.3/armv7e-m/fpu/crti.o
 .ARM.attributes
                0x00000022       0x34 /home/susers/s218166/swjot/gcc-arm-none-eabi-4_9-2015q3/bin/../lib/gcc/arm-none-eabi/4.9.3/armv7e-m/fpu/crtbegin.o
 .ARM.attributes
                0x00000056       0x20 /home/susers/s218166/swjot/gcc-arm-none-eabi-4_9-2015q3/bin/../lib/gcc/arm-none-eabi/4.9.3/../../../../arm-none-eabi/lib/armv7e-m/fpu/crt0.o
 .ARM.attributes
                0x00000076       0x39 _build/nrf52832_xxaa/boards.c.o
 .ARM.attributes
                0x000000af       0x39 _build/nrf52832_xxaa/nrf_drv_uart.c.o
 .ARM.attributes
                0x000000e8       0x39 _build/nrf52832_xxaa/main.c.o
 .ARM.attributes
                0x00000121       0x20 _build/nrf52832_xxaa/gcc_startup_nrf52.S.o
 .ARM.attributes
                0x00000141       0x39 _build/nrf52832_xxaa/system_nrf52.c.o
 .ARM.attributes
                0x0000017a       0x34 /home/susers/s218166/swjot/gcc-arm-none-eabi-4_9-2015q3/bin/../lib/gcc/arm-none-eabi/4.9.3/../../../../arm-none-eabi/lib/armv7e-m/fpu/libc_nano.a(lib_a-exit.o)
 .ARM.attributes
                0x000001ae       0x34 /home/susers/s218166/swjot/gcc-arm-none-eabi-4_9-2015q3/bin/../lib/gcc/arm-none-eabi/4.9.3/../../../../arm-none-eabi/lib/armv7e-m/fpu/libc_nano.a(lib_a-impure.o)
 .ARM.attributes
                0x000001e2       0x34 /home/susers/s218166/swjot/gcc-arm-none-eabi-4_9-2015q3/bin/../lib/gcc/arm-none-eabi/4.9.3/../../../../arm-none-eabi/lib/armv7e-m/fpu/libc_nano.a(lib_a-init.o)
 .ARM.attributes
                0x00000216       0x34 /home/susers/s218166/swjot/gcc-arm-none-eabi-4_9-2015q3/bin/../lib/gcc/arm-none-eabi/4.9.3/../../../../arm-none-eabi/lib/armv7e-m/fpu/libc_nano.a(lib_a-memset.o)
 .ARM.attributes
                0x0000024a       0x34 /home/susers/s218166/swjot/gcc-arm-none-eabi-4_9-2015q3/bin/../lib/gcc/arm-none-eabi/4.9.3/../../../../arm-none-eabi/lib/armv7e-m/fpu/libnosys.a(_exit.o)
 .ARM.attributes
                0x0000027e       0x34 /home/susers/s218166/swjot/gcc-arm-none-eabi-4_9-2015q3/bin/../lib/gcc/arm-none-eabi/4.9.3/armv7e-m/fpu/crtend.o
 .ARM.attributes
                0x000002b2       0x22 /home/susers/s218166/swjot/gcc-arm-none-eabi-4_9-2015q3/bin/../lib/gcc/arm-none-eabi/4.9.3/armv7e-m/fpu/crtn.o

.comment        0x00000000       0x70
 .comment       0x00000000       0x70 _build/nrf52832_xxaa/boards.c.o
                                 0x71 (size before relaxing)
 .comment       0x00000000       0x71 _build/nrf52832_xxaa/nrf_drv_uart.c.o
 .comment       0x00000000       0x71 _build/nrf52832_xxaa/main.c.o
 .comment       0x00000000       0x71 _build/nrf52832_xxaa/system_nrf52.c.o

.debug_info     0x00000000     0x620c
 .debug_info    0x00000000      0xbe5 _build/nrf52832_xxaa/boards.c.o
 .debug_info    0x00000be5     0x42ca _build/nrf52832_xxaa/nrf_drv_uart.c.o
 .debug_info    0x00004eaf      0x1b2 _build/nrf52832_xxaa/main.c.o
 .debug_info    0x00005061       0xa0 _build/nrf52832_xxaa/gcc_startup_nrf52.S.o
 .debug_info    0x00005101     0x110b _build/nrf52832_xxaa/system_nrf52.c.o

.debug_abbrev   0x00000000      0x975
 .debug_abbrev  0x00000000      0x274 _build/nrf52832_xxaa/boards.c.o
 .debug_abbrev  0x00000274      0x3a2 _build/nrf52832_xxaa/nrf_drv_uart.c.o
 .debug_abbrev  0x00000616      0x178 _build/nrf52832_xxaa/main.c.o
 .debug_abbrev  0x0000078e       0x14 _build/nrf52832_xxaa/gcc_startup_nrf52.S.o
 .debug_abbrev  0x000007a2      0x1d3 _build/nrf52832_xxaa/system_nrf52.c.o

.debug_loc      0x00000000     0x3361
 .debug_loc     0x00000000      0x751 _build/nrf52832_xxaa/boards.c.o
 .debug_loc     0x00000751     0x2bcc _build/nrf52832_xxaa/nrf_drv_uart.c.o
 .debug_loc     0x0000331d       0x44 _build/nrf52832_xxaa/main.c.o

.debug_aranges  0x00000000      0x160
 .debug_aranges
                0x00000000       0x80 _build/nrf52832_xxaa/boards.c.o
 .debug_aranges
                0x00000080       0x78 _build/nrf52832_xxaa/nrf_drv_uart.c.o
 .debug_aranges
                0x000000f8       0x20 _build/nrf52832_xxaa/main.c.o
 .debug_aranges
                0x00000118       0x20 _build/nrf52832_xxaa/gcc_startup_nrf52.S.o
 .debug_aranges
                0x00000138       0x28 _build/nrf52832_xxaa/system_nrf52.c.o

.debug_ranges   0x00000000      0xb28
 .debug_ranges  0x00000000      0x160 _build/nrf52832_xxaa/boards.c.o
 .debug_ranges  0x00000160      0x858 _build/nrf52832_xxaa/nrf_drv_uart.c.o
 .debug_ranges  0x000009b8       0x28 _build/nrf52832_xxaa/main.c.o
 .debug_ranges  0x000009e0      0x148 _build/nrf52832_xxaa/system_nrf52.c.o

.debug_macro    0x00000000     0x16c7
 .debug_macro   0x00000000      0x27a _build/nrf52832_xxaa/boards.c.o
 .debug_macro   0x0000027a       0x35 _build/nrf52832_xxaa/boards.c.o
 .debug_macro   0x000002af       0x22 _build/nrf52832_xxaa/boards.c.o
 .debug_macro   0x000002d1      0x372 _build/nrf52832_xxaa/boards.c.o
 .debug_macro   0x00000643       0x16 _build/nrf52832_xxaa/boards.c.o
 .debug_macro   0x00000659       0x97 _build/nrf52832_xxaa/boards.c.o
 .debug_macro   0x000006f0       0xef _build/nrf52832_xxaa/boards.c.o
 .debug_macro   0x000007df       0x10 _build/nrf52832_xxaa/boards.c.o
 .debug_macro   0x000007ef       0x10 _build/nrf52832_xxaa/boards.c.o
 .debug_macro   0x000007ff       0x22 _build/nrf52832_xxaa/boards.c.o
 .debug_macro   0x00000821       0xbe _build/nrf52832_xxaa/boards.c.o
 .debug_macro   0x000008df       0x16 _build/nrf52832_xxaa/boards.c.o
 .debug_macro   0x000008f5      0x166 _build/nrf52832_xxaa/boards.c.o
 .debug_macro   0x00000a5b       0x2b _build/nrf52832_xxaa/boards.c.o
 .debug_macro   0x00000a86       0x10 _build/nrf52832_xxaa/boards.c.o
 .debug_macro   0x00000a96       0x16 _build/nrf52832_xxaa/boards.c.o
 .debug_macro   0x00000aac       0x22 _build/nrf52832_xxaa/boards.c.o
 .debug_macro   0x00000ace       0x16 _build/nrf52832_xxaa/boards.c.o
 .debug_macro   0x00000ae4      0x261 _build/nrf52832_xxaa/boards.c.o
 .debug_macro   0x00000d45      0x115 _build/nrf52832_xxaa/boards.c.o
 .debug_macro   0x00000e5a      0x36b _build/nrf52832_xxaa/nrf_drv_uart.c.o
 .debug_macro   0x000011c5       0x28 _build/nrf52832_xxaa/nrf_drv_uart.c.o
 .debug_macro   0x000011ed      0x161 _build/nrf52832_xxaa/nrf_drv_uart.c.o
 .debug_macro   0x0000134e      0x283 _build/nrf52832_xxaa/main.c.o
 .debug_macro   0x000015d1       0x10 _build/nrf52832_xxaa/main.c.o
 .debug_macro   0x000015e1       0xe6 _build/nrf52832_xxaa/system_nrf52.c.o

.debug_line     0x00000000     0x252d
 .debug_line    0x00000000      0x75f _build/nrf52832_xxaa/boards.c.o
 .debug_line    0x0000075f     0x1242 _build/nrf52832_xxaa/nrf_drv_uart.c.o
 .debug_line    0x000019a1      0x64c _build/nrf52832_xxaa/main.c.o
 .debug_line    0x00001fed       0x9b _build/nrf52832_xxaa/gcc_startup_nrf52.S.o
 .debug_line    0x00002088      0x4a5 _build/nrf52832_xxaa/system_nrf52.c.o

.debug_str      0x00000000    0x6a0d0
 .debug_str     0x00000000    0x61ae4 _build/nrf52832_xxaa/boards.c.o
                              0x626fe (size before relaxing)
 .debug_str     0x00061ae4     0x805d _build/nrf52832_xxaa/nrf_drv_uart.c.o
                              0x697d6 (size before relaxing)
 .debug_str     0x00069b41       0x97 _build/nrf52832_xxaa/main.c.o
                              0x62247 (size before relaxing)
 .debug_str     0x00069bd8      0x4f8 _build/nrf52832_xxaa/system_nrf52.c.o
                              0x5b945 (size before relaxing)

.debug_frame    0x00000000      0x3bc
 .debug_frame   0x00000000      0x104 _build/nrf52832_xxaa/boards.c.o
 .debug_frame   0x00000104      0x1ac _build/nrf52832_xxaa/nrf_drv_uart.c.o
 .debug_frame   0x000002b0       0x30 _build/nrf52832_xxaa/main.c.o
 .debug_frame   0x000002e0       0x48 _build/nrf52832_xxaa/system_nrf52.c.o
 .debug_frame   0x00000328       0x28 /home/susers/s218166/swjot/gcc-arm-none-eabi-4_9-2015q3/bin/../lib/gcc/arm-none-eabi/4.9.3/../../../../arm-none-eabi/lib/armv7e-m/fpu/libc_nano.a(lib_a-exit.o)
 .debug_frame   0x00000350       0x2c /home/susers/s218166/swjot/gcc-arm-none-eabi-4_9-2015q3/bin/../lib/gcc/arm-none-eabi/4.9.3/../../../../arm-none-eabi/lib/armv7e-m/fpu/libc_nano.a(lib_a-init.o)
 .debug_frame   0x0000037c       0x20 /home/susers/s218166/swjot/gcc-arm-none-eabi-4_9-2015q3/bin/../lib/gcc/arm-none-eabi/4.9.3/../../../../arm-none-eabi/lib/armv7e-m/fpu/libc_nano.a(lib_a-memset.o)
 .debug_frame   0x0000039c       0x20 /home/susers/s218166/swjot/gcc-arm-none-eabi-4_9-2015q3/bin/../lib/gcc/arm-none-eabi/4.9.3/../../../../arm-none-eabi/lib/armv7e-m/fpu/libnosys.a(_exit.o)
